******************************************************************************
                  TI ARM Linker PC v16.9.0                     
******************************************************************************
>> Linked Thu Jun 22 13:35:19 2017

OUTPUT FILE NAME:   <MSP-EXP432P401R-EchoUART.out>
ENTRY POINT SYMBOL: "_c_int00"  address: 000007d1


MEMORY CONFIGURATION

         name            origin    length      used     unused   attr    fill
----------------------  --------  ---------  --------  --------  ----  --------
  MAIN                  00000000   00040000  0000093c  0003f6c4  R  X
  INFO                  00200000   00004000  00000000  00004000  R  X
  SRAM_CODE             01000000   00010000  0000021c  0000fde4  RW X
  SRAM_DATA             20000000   00010000  0000021c  0000fde4  RW  


SEGMENT ALLOCATION MAP

run origin  load origin   length   init length attrs members
----------  ----------- ---------- ----------- ----- -------
00000000    00000000    00000940   00000940    r-x
  00000000    00000000    000000e4   000000e4    r-- .intvecs
  000000e4    000000e4    00000830   00000830    r-x .text
  00000918    00000918    00000028   00000028    r-- .cinit
20000000    20000000    0000001c   00000000    rw-
  20000000    20000000    0000001c   00000000    rw- .data
2000fe00    2000fe00    00000200   00000000    rw-
  2000fe00    2000fe00    00000200   00000000    rw- .stack


SECTION ALLOCATION MAP

 output                                  attributes/
section   page    origin      length       input sections
--------  ----  ----------  ----------   ----------------
.intvecs   0    00000000    000000e4     
                  00000000    000000e4     startup_msp432p401r_ccs.obj (.intvecs:retain)

.binit     0    00000000    00000000     

.text      0    000000e4    00000830     
                  000000e4    0000032c     system_msp432p401r.obj (.text)
                  00000410    000001e0     main.obj (.text)
                  000005f0    0000009c     rtsv7M4_T_le_v4SPD16_eabi.lib : memcpy_t2.obj (.text)
                  0000068c    00000070                                   : autoinit.obj (.text)
                  000006fc    0000006c     isr_hooks.obj (.text)
                  00000768    00000068     rtsv7M4_T_le_v4SPD16_eabi.lib : copy_decompress_lzss.obj (.text:decompress:lzss)
                  000007d0    00000054                                   : boot.obj (.text)
                  00000824    00000054                                   : exit.obj (.text)
                  00000878    0000004c                                   : cpy_tbl.obj (.text)
                  000008c4    00000018                                   : args_main.obj (.text)
                  000008dc    00000014                                   : _lock.obj (.text)
                  000008f0    0000000e                                   : copy_decompress_none.obj (.text:decompress:none)
                  000008fe    0000000e     startup_msp432p401r_ccs.obj (.text)
                  0000090c    00000004     rtsv7M4_T_le_v4SPD16_eabi.lib : pre_init.obj (.text)
                  00000910    00000002                                   : mpu_init.obj (.text)
                  00000912    00000002                                   : startup.obj (.text)

.cinit     0    00000918    00000028     
                  00000918    00000015     (.cinit..data.load) [load image, compression = lzss]
                  0000092d    00000003     --HOLE-- [fill = 0]
                  00000930    00000008     (__TI_handler_table)
                  00000938    00000008     (__TI_cinit_table)

.init_array 
*          0    00000000    00000000     UNINITIALIZED

.data      0    20000000    0000001c     UNINITIALIZED
                  20000000    0000000c     rtsv7M4_T_le_v4SPD16_eabi.lib : exit.obj (.data:$O1$$)
                  2000000c    00000008                                   : _lock.obj (.data:$O1$$)
                  20000014    00000004                                   : stkdepth_vars.obj (.data)
                  20000018    00000004     system_msp432p401r.obj (.data)

.stack     0    2000fe00    00000200     UNINITIALIZED
                  2000fe00    00000200     --HOLE--

MODULE SUMMARY

       Module                        code   ro data   rw data
       ------                        ----   -------   -------
    .\
       system_msp432p401r.obj        812    0         8      
       main.obj                      480    0         0      
       startup_msp432p401r_ccs.obj   14     228       0      
       isr_hooks.obj                 108    0         0      
    +--+-----------------------------+------+---------+---------+
       Total:                        1414   228       8      
                                                             
    C:\ti\ccsv7\tools\compiler\ti-cgt-arm_16.9.0.LTS\lib\rtsv7M4_T_le_v4SPD16_eabi.lib
       memcpy_t2.obj                 156    0         0      
       autoinit.obj                  112    0         0      
       exit.obj                      84     0         24     
       copy_decompress_lzss.obj      104    0         0      
       boot.obj                      84     0         0      
       cpy_tbl.obj                   76     0         0      
       _lock.obj                     20     0         16     
       args_main.obj                 24     0         0      
       copy_decompress_none.obj      14     0         0      
       stkdepth_vars.obj             0      0         8      
       pre_init.obj                  4      0         0      
       mpu_init.obj                  2      0         0      
       startup.obj                   2      0         0      
    +--+-----------------------------+------+---------+---------+
       Total:                        682    0         48     
                                                             
       Stack:                        0      0         1024   
       Linker Generated:             0      37        0      
    +--+-----------------------------+------+---------+---------+
       Grand Total:                  2096   265       1080   


LINKER GENERATED COPY TABLES

__TI_cinit_table @ 00000938 records: 1, size/record: 8, table size: 8
	.data: load addr=00000918, load size=00000015 bytes, run addr=20000000, run size=0000001c bytes, compression=lzss


LINKER GENERATED HANDLER TABLE

__TI_handler_table @ 00000930 records: 2, size/record: 4, table size: 8
	index: 0, handler: __TI_decompress_lzss
	index: 1, handler: __TI_decompress_none


GLOBAL SYMBOLS: SORTED ALPHABETICALLY BY Name 

address   name                           
-------   ----                           
0000090b  ADC14_IRQHandler               
0000090b  AES256_IRQHandler              
0000090b  BusFault_Handler               
00000825  C$$EXIT                        
0000090b  COMP_E0_IRQHandler             
0000090b  COMP_E1_IRQHandler             
0000090b  CS_IRQHandler                  
0000090b  DMA_ERR_IRQHandler             
0000090b  DMA_INT0_IRQHandler            
0000090b  DMA_INT1_IRQHandler            
0000090b  DMA_INT2_IRQHandler            
0000090b  DMA_INT3_IRQHandler            
0000090b  DebugMon_Handler               
0000090b  Default_Handler                
00000739  EUSCIA0_IRQHandler             
00000739  EUSCIA0_IRQHandler             
0000090b  EUSCIA1_IRQHandler             
0000090b  EUSCIA2_IRQHandler             
0000090b  EUSCIA3_IRQHandler             
0000090b  EUSCIB0_IRQHandler             
0000090b  EUSCIB1_IRQHandler             
0000090b  EUSCIB2_IRQHandler             
0000090b  EUSCIB3_IRQHandler             
0000090b  FLCTL_IRQHandler               
0000090b  FPU_IRQHandler                 
0000090b  HardFault_Handler              
0000090b  MemManage_Handler              
0000090b  NMI_Handler                    
0000090b  PCM_IRQHandler                 
000006fd  PORT1_IRQHandler               
000006fd  PORT1_IRQHandler               
0000090b  PORT2_IRQHandler               
0000090b  PORT3_IRQHandler               
0000090b  PORT4_IRQHandler               
0000090b  PORT5_IRQHandler               
0000090b  PORT6_IRQHandler               
0000090b  PSS_IRQHandler                 
0000090b  PendSV_Handler                 
0000090b  RTC_C_IRQHandler               
000008ff  Reset_Handler                  
UNDEFED   SHT$$INIT_ARRAY$$Base          
UNDEFED   SHT$$INIT_ARRAY$$Limit         
0000090b  SVC_Handler                    
0000090b  SysTick_Handler                
20000018  SystemCoreClock                
000000e5  SystemCoreClockUpdate          
00000359  SystemInit                     
0000090b  T32_INT1_IRQHandler            
0000090b  T32_INT2_IRQHandler            
0000090b  T32_INTC_IRQHandler            
0000090b  TA0_0_IRQHandler               
0000090b  TA0_N_IRQHandler               
0000090b  TA1_0_IRQHandler               
0000090b  TA1_N_IRQHandler               
0000090b  TA2_0_IRQHandler               
0000090b  TA2_N_IRQHandler               
0000090b  TA3_0_IRQHandler               
0000090b  TA3_N_IRQHandler               
0000090b  UsageFault_Handler             
4000480c  WDTCTL_SYM                     
0000090b  WDT_A_IRQHandler               
20010000  __STACK_END                    
00000200  __STACK_SIZE                   
00000938  __TI_CINIT_Base                
00000940  __TI_CINIT_Limit               
00000930  __TI_Handler_Table_Base        
00000938  __TI_Handler_Table_Limit       
0000068d  __TI_auto_init                 
20000000  __TI_cleanup_ptr               
00000769  __TI_decompress_lzss           
000008f1  __TI_decompress_none           
20000004  __TI_dtors_ptr                 
20000008  __TI_enable_exit_profile_output
ffffffff  __TI_pprof_out_hndl            
ffffffff  __TI_prof_data_size            
ffffffff  __TI_prof_data_start           
00000000  __TI_static_base__             
000005f1  __aeabi_memcpy                 
000005f1  __aeabi_memcpy4                
000005f1  __aeabi_memcpy8                
ffffffff  __binit__                      
ffffffff  __c_args__                     
00000911  __mpu_init                     
2000fe00  __stack                        
000008c5  _args_main                     
000007d1  _c_int00                       
2000000c  _lock                          
000008eb  _nop                           
000008e3  _register_lock                 
000008dd  _register_unlock               
00000913  _system_post_cinit             
0000090d  _system_pre_init               
20000010  _unlock                        
00000829  abort                          
ffffffff  binit                          
00000879  copy_in                        
00000831  exit                           
00000431  initBCUART                     
0000048b  initPorts                      
00000000  interruptVectors               
00000415  main                           
20000014  main_func_sp                   
000005f1  memcpy                         
0000047b  populateNVIC                   


GLOBAL SYMBOLS: SORTED BY Symbol Address 

address   name                           
-------   ----                           
00000000  __TI_static_base__             
00000000  interruptVectors               
000000e5  SystemCoreClockUpdate          
00000200  __STACK_SIZE                   
00000359  SystemInit                     
00000415  main                           
00000431  initBCUART                     
0000047b  populateNVIC                   
0000048b  initPorts                      
000005f1  __aeabi_memcpy                 
000005f1  __aeabi_memcpy4                
000005f1  __aeabi_memcpy8                
000005f1  memcpy                         
0000068d  __TI_auto_init                 
000006fd  PORT1_IRQHandler               
000006fd  PORT1_IRQHandler               
00000739  EUSCIA0_IRQHandler             
00000739  EUSCIA0_IRQHandler             
00000769  __TI_decompress_lzss           
000007d1  _c_int00                       
00000825  C$$EXIT                        
00000829  abort                          
00000831  exit                           
00000879  copy_in                        
000008c5  _args_main                     
000008dd  _register_unlock               
000008e3  _register_lock                 
000008eb  _nop                           
000008f1  __TI_decompress_none           
000008ff  Reset_Handler                  
0000090b  ADC14_IRQHandler               
0000090b  AES256_IRQHandler              
0000090b  BusFault_Handler               
0000090b  COMP_E0_IRQHandler             
0000090b  COMP_E1_IRQHandler             
0000090b  CS_IRQHandler                  
0000090b  DMA_ERR_IRQHandler             
0000090b  DMA_INT0_IRQHandler            
0000090b  DMA_INT1_IRQHandler            
0000090b  DMA_INT2_IRQHandler            
0000090b  DMA_INT3_IRQHandler            
0000090b  DebugMon_Handler               
0000090b  Default_Handler                
0000090b  EUSCIA1_IRQHandler             
0000090b  EUSCIA2_IRQHandler             
0000090b  EUSCIA3_IRQHandler             
0000090b  EUSCIB0_IRQHandler             
0000090b  EUSCIB1_IRQHandler             
0000090b  EUSCIB2_IRQHandler             
0000090b  EUSCIB3_IRQHandler             
0000090b  FLCTL_IRQHandler               
0000090b  FPU_IRQHandler                 
0000090b  HardFault_Handler              
0000090b  MemManage_Handler              
0000090b  NMI_Handler                    
0000090b  PCM_IRQHandler                 
0000090b  PORT2_IRQHandler               
0000090b  PORT3_IRQHandler               
0000090b  PORT4_IRQHandler               
0000090b  PORT5_IRQHandler               
0000090b  PORT6_IRQHandler               
0000090b  PSS_IRQHandler                 
0000090b  PendSV_Handler                 
0000090b  RTC_C_IRQHandler               
0000090b  SVC_Handler                    
0000090b  SysTick_Handler                
0000090b  T32_INT1_IRQHandler            
0000090b  T32_INT2_IRQHandler            
0000090b  T32_INTC_IRQHandler            
0000090b  TA0_0_IRQHandler               
0000090b  TA0_N_IRQHandler               
0000090b  TA1_0_IRQHandler               
0000090b  TA1_N_IRQHandler               
0000090b  TA2_0_IRQHandler               
0000090b  TA2_N_IRQHandler               
0000090b  TA3_0_IRQHandler               
0000090b  TA3_N_IRQHandler               
0000090b  UsageFault_Handler             
0000090b  WDT_A_IRQHandler               
0000090d  _system_pre_init               
00000911  __mpu_init                     
00000913  _system_post_cinit             
00000930  __TI_Handler_Table_Base        
00000938  __TI_CINIT_Base                
00000938  __TI_Handler_Table_Limit       
00000940  __TI_CINIT_Limit               
20000000  __TI_cleanup_ptr               
20000004  __TI_dtors_ptr                 
20000008  __TI_enable_exit_profile_output
2000000c  _lock                          
20000010  _unlock                        
20000014  main_func_sp                   
20000018  SystemCoreClock                
2000fe00  __stack                        
20010000  __STACK_END                    
4000480c  WDTCTL_SYM                     
ffffffff  __TI_pprof_out_hndl            
ffffffff  __TI_prof_data_size            
ffffffff  __TI_prof_data_start           
ffffffff  __binit__                      
ffffffff  __c_args__                     
ffffffff  binit                          
UNDEFED   SHT$$INIT_ARRAY$$Base          
UNDEFED   SHT$$INIT_ARRAY$$Limit         

[104 symbols]
