******************************************************************************
                  TI ARM Linker PC v16.9.0                     
******************************************************************************
>> Linked Thu Jun 22 13:28:23 2017

OUTPUT FILE NAME:   <MSP-EXP432P401R-Initialization.out>
ENTRY POINT SYMBOL: "_c_int00"  address: 00000705


MEMORY CONFIGURATION

         name            origin    length      used     unused   attr    fill
----------------------  --------  ---------  --------  --------  ----  --------
  MAIN                  00000000   00040000  000008b4  0003f74c  R  X
  INFO                  00200000   00004000  00000000  00004000  R  X
  SRAM_CODE             01000000   00010000  0000021c  0000fde4  RW X
  SRAM_DATA             20000000   00010000  0000021c  0000fde4  RW  


SEGMENT ALLOCATION MAP

run origin  load origin   length   init length attrs members
----------  ----------- ---------- ----------- ----- -------
00000000    00000000    000008b8   000008b8    r-x
  00000000    00000000    000000e4   000000e4    r-- .intvecs
  000000e4    000000e4    000007a8   000007a8    r-x .text
  00000890    00000890    00000028   00000028    r-- .cinit
20000000    20000000    0000001c   00000000    rw-
  20000000    20000000    0000001c   00000000    rw- .data
2000fe00    2000fe00    00000200   00000000    rw-
  2000fe00    2000fe00    00000200   00000000    rw- .stack


SECTION ALLOCATION MAP

 output                                  attributes/
section   page    origin      length       input sections
--------  ----  ----------  ----------   ----------------
.intvecs   0    00000000    000000e4     
                  00000000    000000e4     startup_msp432p401r_ccs.obj (.intvecs:retain)

.binit     0    00000000    00000000     

.text      0    000000e4    000007a8     
                  000000e4    0000032c     system_msp432p401r.obj (.text)
                  00000410    00000180     main.obj (.text)
                  00000590    0000009c     rtsv7M4_T_le_v4SPD16_eabi.lib : memcpy_t2.obj (.text)
                  0000062c    00000070                                   : autoinit.obj (.text)
                  0000069c    00000068                                   : copy_decompress_lzss.obj (.text:decompress:lzss)
                  00000704    00000054                                   : boot.obj (.text)
                  00000758    00000054                                   : exit.obj (.text)
                  000007ac    0000004c                                   : cpy_tbl.obj (.text)
                  000007f8    00000044     isr_hooks.obj (.text)
                  0000083c    00000018     rtsv7M4_T_le_v4SPD16_eabi.lib : args_main.obj (.text)
                  00000854    00000014                                   : _lock.obj (.text)
                  00000868    0000000e                                   : copy_decompress_none.obj (.text:decompress:none)
                  00000876    0000000e     startup_msp432p401r_ccs.obj (.text)
                  00000884    00000004     rtsv7M4_T_le_v4SPD16_eabi.lib : pre_init.obj (.text)
                  00000888    00000002                                   : mpu_init.obj (.text)
                  0000088a    00000002                                   : startup.obj (.text)

.cinit     0    00000890    00000028     
                  00000890    00000015     (.cinit..data.load) [load image, compression = lzss]
                  000008a5    00000003     --HOLE-- [fill = 0]
                  000008a8    00000008     (__TI_handler_table)
                  000008b0    00000008     (__TI_cinit_table)

.init_array 
*          0    00000000    00000000     UNINITIALIZED

.data      0    20000000    0000001c     UNINITIALIZED
                  20000000    0000000c     rtsv7M4_T_le_v4SPD16_eabi.lib : exit.obj (.data:$O1$$)
                  2000000c    00000008                                   : _lock.obj (.data:$O1$$)
                  20000014    00000004                                   : stkdepth_vars.obj (.data)
                  20000018    00000004     system_msp432p401r.obj (.data)

.stack     0    2000fe00    00000200     UNINITIALIZED
                  2000fe00    00000200     --HOLE--

MODULE SUMMARY

       Module                        code   ro data   rw data
       ------                        ----   -------   -------
    .\
       system_msp432p401r.obj        812    0         8      
       main.obj                      384    0         0      
       startup_msp432p401r_ccs.obj   14     228       0      
       isr_hooks.obj                 68     0         0      
    +--+-----------------------------+------+---------+---------+
       Total:                        1278   228       8      
                                                             
    C:\ti\ccsv7\tools\compiler\ti-cgt-arm_16.9.0.LTS\lib\rtsv7M4_T_le_v4SPD16_eabi.lib
       memcpy_t2.obj                 156    0         0      
       autoinit.obj                  112    0         0      
       exit.obj                      84     0         24     
       copy_decompress_lzss.obj      104    0         0      
       boot.obj                      84     0         0      
       cpy_tbl.obj                   76     0         0      
       _lock.obj                     20     0         16     
       args_main.obj                 24     0         0      
       copy_decompress_none.obj      14     0         0      
       stkdepth_vars.obj             0      0         8      
       pre_init.obj                  4      0         0      
       mpu_init.obj                  2      0         0      
       startup.obj                   2      0         0      
    +--+-----------------------------+------+---------+---------+
       Total:                        682    0         48     
                                                             
       Stack:                        0      0         1024   
       Linker Generated:             0      37        0      
    +--+-----------------------------+------+---------+---------+
       Grand Total:                  1960   265       1080   


LINKER GENERATED COPY TABLES

__TI_cinit_table @ 000008b0 records: 1, size/record: 8, table size: 8
	.data: load addr=00000890, load size=00000015 bytes, run addr=20000000, run size=0000001c bytes, compression=lzss


LINKER GENERATED HANDLER TABLE

__TI_handler_table @ 000008a8 records: 2, size/record: 4, table size: 8
	index: 0, handler: __TI_decompress_lzss
	index: 1, handler: __TI_decompress_none


GLOBAL SYMBOLS: SORTED ALPHABETICALLY BY Name 

address   name                           
-------   ----                           
00000883  ADC14_IRQHandler               
00000883  AES256_IRQHandler              
00000883  BusFault_Handler               
00000759  C$$EXIT                        
00000883  COMP_E0_IRQHandler             
00000883  COMP_E1_IRQHandler             
00000883  CS_IRQHandler                  
00000883  DMA_ERR_IRQHandler             
00000883  DMA_INT0_IRQHandler            
00000883  DMA_INT1_IRQHandler            
00000883  DMA_INT2_IRQHandler            
00000883  DMA_INT3_IRQHandler            
00000883  DebugMon_Handler               
00000883  Default_Handler                
00000883  EUSCIA0_IRQHandler             
00000883  EUSCIA1_IRQHandler             
00000883  EUSCIA2_IRQHandler             
00000883  EUSCIA3_IRQHandler             
00000883  EUSCIB0_IRQHandler             
00000883  EUSCIB1_IRQHandler             
00000883  EUSCIB2_IRQHandler             
00000883  EUSCIB3_IRQHandler             
00000883  FLCTL_IRQHandler               
00000883  FPU_IRQHandler                 
00000883  HardFault_Handler              
00000883  MemManage_Handler              
00000883  NMI_Handler                    
00000883  PCM_IRQHandler                 
000007f9  PORT1_IRQHandler               
000007f9  PORT1_IRQHandler               
00000883  PORT2_IRQHandler               
00000883  PORT3_IRQHandler               
00000883  PORT4_IRQHandler               
00000883  PORT5_IRQHandler               
00000883  PORT6_IRQHandler               
00000883  PSS_IRQHandler                 
00000883  PendSV_Handler                 
00000883  RTC_C_IRQHandler               
00000877  Reset_Handler                  
UNDEFED   SHT$$INIT_ARRAY$$Base          
UNDEFED   SHT$$INIT_ARRAY$$Limit         
00000883  SVC_Handler                    
00000883  SysTick_Handler                
20000018  SystemCoreClock                
000000e5  SystemCoreClockUpdate          
00000359  SystemInit                     
00000883  T32_INT1_IRQHandler            
00000883  T32_INT2_IRQHandler            
00000883  T32_INTC_IRQHandler            
00000883  TA0_0_IRQHandler               
00000883  TA0_N_IRQHandler               
00000883  TA1_0_IRQHandler               
00000883  TA1_N_IRQHandler               
00000883  TA2_0_IRQHandler               
00000883  TA2_N_IRQHandler               
00000883  TA3_0_IRQHandler               
00000883  TA3_N_IRQHandler               
00000883  UsageFault_Handler             
4000480c  WDTCTL_SYM                     
00000883  WDT_A_IRQHandler               
20010000  __STACK_END                    
00000200  __STACK_SIZE                   
000008b0  __TI_CINIT_Base                
000008b8  __TI_CINIT_Limit               
000008a8  __TI_Handler_Table_Base        
000008b0  __TI_Handler_Table_Limit       
0000062d  __TI_auto_init                 
20000000  __TI_cleanup_ptr               
0000069d  __TI_decompress_lzss           
00000869  __TI_decompress_none           
20000004  __TI_dtors_ptr                 
20000008  __TI_enable_exit_profile_output
ffffffff  __TI_pprof_out_hndl            
ffffffff  __TI_prof_data_size            
ffffffff  __TI_prof_data_start           
00000000  __TI_static_base__             
00000591  __aeabi_memcpy                 
00000591  __aeabi_memcpy4                
00000591  __aeabi_memcpy8                
ffffffff  __binit__                      
ffffffff  __c_args__                     
00000889  __mpu_init                     
2000fe00  __stack                        
0000083d  _args_main                     
00000705  _c_int00                       
2000000c  _lock                          
00000863  _nop                           
0000085b  _register_lock                 
00000855  _register_unlock               
0000088b  _system_post_cinit             
00000885  _system_pre_init               
20000010  _unlock                        
0000075d  abort                          
ffffffff  binit                          
000007ad  copy_in                        
00000765  exit                           
00000443  initPorts                      
00000000  interruptVectors               
00000415  main                           
20000014  main_func_sp                   
00000591  memcpy                         


GLOBAL SYMBOLS: SORTED BY Symbol Address 

address   name                           
-------   ----                           
00000000  __TI_static_base__             
00000000  interruptVectors               
000000e5  SystemCoreClockUpdate          
00000200  __STACK_SIZE                   
00000359  SystemInit                     
00000415  main                           
00000443  initPorts                      
00000591  __aeabi_memcpy                 
00000591  __aeabi_memcpy4                
00000591  __aeabi_memcpy8                
00000591  memcpy                         
0000062d  __TI_auto_init                 
0000069d  __TI_decompress_lzss           
00000705  _c_int00                       
00000759  C$$EXIT                        
0000075d  abort                          
00000765  exit                           
000007ad  copy_in                        
000007f9  PORT1_IRQHandler               
000007f9  PORT1_IRQHandler               
0000083d  _args_main                     
00000855  _register_unlock               
0000085b  _register_lock                 
00000863  _nop                           
00000869  __TI_decompress_none           
00000877  Reset_Handler                  
00000883  ADC14_IRQHandler               
00000883  AES256_IRQHandler              
00000883  BusFault_Handler               
00000883  COMP_E0_IRQHandler             
00000883  COMP_E1_IRQHandler             
00000883  CS_IRQHandler                  
00000883  DMA_ERR_IRQHandler             
00000883  DMA_INT0_IRQHandler            
00000883  DMA_INT1_IRQHandler            
00000883  DMA_INT2_IRQHandler            
00000883  DMA_INT3_IRQHandler            
00000883  DebugMon_Handler               
00000883  Default_Handler                
00000883  EUSCIA0_IRQHandler             
00000883  EUSCIA1_IRQHandler             
00000883  EUSCIA2_IRQHandler             
00000883  EUSCIA3_IRQHandler             
00000883  EUSCIB0_IRQHandler             
00000883  EUSCIB1_IRQHandler             
00000883  EUSCIB2_IRQHandler             
00000883  EUSCIB3_IRQHandler             
00000883  FLCTL_IRQHandler               
00000883  FPU_IRQHandler                 
00000883  HardFault_Handler              
00000883  MemManage_Handler              
00000883  NMI_Handler                    
00000883  PCM_IRQHandler                 
00000883  PORT2_IRQHandler               
00000883  PORT3_IRQHandler               
00000883  PORT4_IRQHandler               
00000883  PORT5_IRQHandler               
00000883  PORT6_IRQHandler               
00000883  PSS_IRQHandler                 
00000883  PendSV_Handler                 
00000883  RTC_C_IRQHandler               
00000883  SVC_Handler                    
00000883  SysTick_Handler                
00000883  T32_INT1_IRQHandler            
00000883  T32_INT2_IRQHandler            
00000883  T32_INTC_IRQHandler            
00000883  TA0_0_IRQHandler               
00000883  TA0_N_IRQHandler               
00000883  TA1_0_IRQHandler               
00000883  TA1_N_IRQHandler               
00000883  TA2_0_IRQHandler               
00000883  TA2_N_IRQHandler               
00000883  TA3_0_IRQHandler               
00000883  TA3_N_IRQHandler               
00000883  UsageFault_Handler             
00000883  WDT_A_IRQHandler               
00000885  _system_pre_init               
00000889  __mpu_init                     
0000088b  _system_post_cinit             
000008a8  __TI_Handler_Table_Base        
000008b0  __TI_CINIT_Base                
000008b0  __TI_Handler_Table_Limit       
000008b8  __TI_CINIT_Limit               
20000000  __TI_cleanup_ptr               
20000004  __TI_dtors_ptr                 
20000008  __TI_enable_exit_profile_output
2000000c  _lock                          
20000010  _unlock                        
20000014  main_func_sp                   
20000018  SystemCoreClock                
2000fe00  __stack                        
20010000  __STACK_END                    
4000480c  WDTCTL_SYM                     
ffffffff  __TI_pprof_out_hndl            
ffffffff  __TI_prof_data_size            
ffffffff  __TI_prof_data_start           
ffffffff  __binit__                      
ffffffff  __c_args__                     
ffffffff  binit                          
UNDEFED   SHT$$INIT_ARRAY$$Base          
UNDEFED   SHT$$INIT_ARRAY$$Limit         

[101 symbols]
