******************************************************************************
                  TI ARM Linker PC v16.9.0                     
******************************************************************************
>> Linked Thu Jun 22 13:56:16 2017

OUTPUT FILE NAME:   <MSP-EXP432P401R-RTC.out>
ENTRY POINT SYMBOL: "_c_int00"  address: 00002481


MEMORY CONFIGURATION

         name            origin    length      used     unused   attr    fill
----------------------  --------  ---------  --------  --------  ----  --------
  MAIN                  00000000   00040000  00002825  0003d7db  R  X
  INFO                  00200000   00004000  00000000  00004000  R  X
  SRAM_CODE             01000000   00010000  00000220  0000fde0  RW X
  SRAM_DATA             20000000   00010000  00000220  0000fde0  RW  


SEGMENT ALLOCATION MAP

run origin  load origin   length   init length attrs members
----------  ----------- ---------- ----------- ----- -------
00000000    00000000    00002828   00002828    r-x
  00000000    00000000    000000e4   000000e4    r-- .intvecs
  000000e4    000000e4    00002618   00002618    r-x .text
  000026fc    000026fc    00000101   00000101    r-- .const
  00002800    00002800    00000028   00000028    r-- .cinit
20000000    20000000    00000020   00000000    rw-
  20000000    20000000    00000020   00000000    rw- .data
2000fe00    2000fe00    00000200   00000000    rw-
  2000fe00    2000fe00    00000200   00000000    rw- .stack


SECTION ALLOCATION MAP

 output                                  attributes/
section   page    origin      length       input sections
--------  ----  ----------  ----------   ----------------
.intvecs   0    00000000    000000e4     
                  00000000    000000e4     startup_msp432p401r_ccs.obj (.intvecs:retain)

.binit     0    00000000    00000000     

.text      0    000000e4    00002618     
                  000000e4    0000113a     rtsv7M4_T_le_v4SPD16_eabi.lib : _printfi.obj (.text)
                  0000121e    00000002                                   : mpu_init.obj (.text)
                  00001220    0000032c     system_msp432p401r.obj (.text)
                  0000154c    00000278     main.obj (.text)
                  000017c4    000001f4     rtsv7M4_T_le_v4SPD16_eabi.lib : ull_div_t2.obj (.text)
                  000019b8    000001b6                                   : fd_add_t2.obj (.text)
                  00001b6e    00000136                                   : fd_div_t2.obj (.text)
                  00001ca4    00000134     BCUART.obj (.text)
                  00001dd8    000000fc     rtsv7M4_T_le_v4SPD16_eabi.lib : fd_mul_t2.obj (.text)
                  00001ed4    000000fc                                   : s_scalbn.obj (.text)
                  00001fd0    0000009c                                   : memcpy_t2.obj (.text)
                  0000206c    00000098     isr_hooks.obj (.text)
                  00002104    00000086     rtsv7M4_T_le_v4SPD16_eabi.lib : fd_cmp_t2.obj (.text:__aeabi_cdcmple)
                  0000218a    00000086                                   : fd_cmp_t2.obj (.text:__aeabi_cdrcmple)
                  00002210    0000007a                                   : memset_t2.obj (.text)
                  0000228a    00000002                                   : startup.obj (.text)
                  0000228c    00000070                                   : autoinit.obj (.text)
                  000022fc    00000068                                   : copy_decompress_lzss.obj (.text:decompress:lzss)
                  00002364    00000064                                   : s_frexp.obj (.text)
                  000023c8    00000060                                   : sprintf.obj (.text)
                  00002428    00000056                                   : ltoa.obj (.text)
                  0000247e    00000002     --HOLE-- [fill = 0]
                  00002480    00000054                                   : boot.obj (.text)
                  000024d4    00000054                                   : exit.obj (.text)
                  00002528    0000004c                                   : atoi.obj (.text)
                  00002574    0000004c                                   : cpy_tbl.obj (.text)
                  000025c0    00000048                                   : fd_toi_t2.obj (.text)
                  00002608    0000002e                                   : i_tofd_t2.obj (.text)
                  00002636    0000001e                                   : strcat.obj (.text)
                  00002654    0000001c                                   : memccpy.obj (.text)
                  00002670    00000018                                   : args_main.obj (.text)
                  00002688    00000016                                   : strchr.obj (.text)
                  0000269e    00000002     --HOLE-- [fill = 0]
                  000026a0    00000014                                   : _lock.obj (.text)
                  000026b4    00000014                                   : s_copysign.obj (.text)
                  000026c8    00000014                                   : strlen.obj (.text)
                  000026dc    0000000e                                   : copy_decompress_none.obj (.text:decompress:none)
                  000026ea    0000000e     startup_msp432p401r_ccs.obj (.text)
                  000026f8    00000004     rtsv7M4_T_le_v4SPD16_eabi.lib : pre_init.obj (.text)

.const     0    000026fc    00000101     
                  000026fc    00000101     rtsv7M4_T_le_v4SPD16_eabi.lib : ctype.obj (.const:.string:_ctypes_)

.cinit     0    00002800    00000028     
                  00002800    00000015     (.cinit..data.load) [load image, compression = lzss]
                  00002815    00000003     --HOLE-- [fill = 0]
                  00002818    00000008     (__TI_handler_table)
                  00002820    00000008     (__TI_cinit_table)

.init_array 
*          0    00000000    00000000     UNINITIALIZED

.data      0    20000000    00000020     UNINITIALIZED
                  20000000    0000000c     rtsv7M4_T_le_v4SPD16_eabi.lib : exit.obj (.data:$O1$$)
                  2000000c    00000008                                   : _lock.obj (.data:$O1$$)
                  20000014    00000004                                   : errno.obj (.data)
                  20000018    00000004                                   : stkdepth_vars.obj (.data)
                  2000001c    00000004     system_msp432p401r.obj (.data)

.stack     0    2000fe00    00000200     UNINITIALIZED
                  2000fe00    00000200     --HOLE--

MODULE SUMMARY

       Module                        code   ro data   rw data
       ------                        ----   -------   -------
    .\
       system_msp432p401r.obj        812    0         8      
       main.obj                      632    0         0      
       BCUART.obj                    308    0         0      
       startup_msp432p401r_ccs.obj   14     228       0      
       isr_hooks.obj                 152    0         0      
    +--+-----------------------------+------+---------+---------+
       Total:                        1918   228       8      
                                                             
    C:\ti\ccsv7\tools\compiler\ti-cgt-arm_16.9.0.LTS\lib\rtsv7M4_T_le_v4SPD16_eabi.lib
       _printfi.obj                  4410   0         0      
       ull_div_t2.obj                500    0         0      
       fd_add_t2.obj                 438    0         0      
       fd_div_t2.obj                 310    0         0      
       fd_cmp_t2.obj                 268    0         0      
       ctype.obj                     0      257       0      
       fd_mul_t2.obj                 252    0         0      
       s_scalbn.obj                  252    0         0      
       memcpy_t2.obj                 156    0         0      
       memset_t2.obj                 122    0         0      
       autoinit.obj                  112    0         0      
       exit.obj                      84     0         24     
       copy_decompress_lzss.obj      104    0         0      
       s_frexp.obj                   100    0         0      
       sprintf.obj                   96     0         0      
       ltoa.obj                      86     0         0      
       boot.obj                      84     0         0      
       atoi.obj                      76     0         0      
       cpy_tbl.obj                   76     0         0      
       fd_toi_t2.obj                 72     0         0      
       i_tofd_t2.obj                 46     0         0      
       _lock.obj                     20     0         16     
       strcat.obj                    30     0         0      
       memccpy.obj                   28     0         0      
       args_main.obj                 24     0         0      
       strchr.obj                    22     0         0      
       s_copysign.obj                20     0         0      
       strlen.obj                    20     0         0      
       copy_decompress_none.obj      14     0         0      
       errno.obj                     0      0         8      
       stkdepth_vars.obj             0      0         8      
       pre_init.obj                  4      0         0      
       mpu_init.obj                  2      0         0      
       startup.obj                   2      0         0      
    +--+-----------------------------+------+---------+---------+
       Total:                        7830   257       56     
                                                             
       Stack:                        0      0         1024   
       Linker Generated:             0      37        0      
    +--+-----------------------------+------+---------+---------+
       Grand Total:                  9748   522       1088   


LINKER GENERATED COPY TABLES

__TI_cinit_table @ 00002820 records: 1, size/record: 8, table size: 8
	.data: load addr=00002800, load size=00000015 bytes, run addr=20000000, run size=00000020 bytes, compression=lzss


LINKER GENERATED HANDLER TABLE

__TI_handler_table @ 00002818 records: 2, size/record: 4, table size: 8
	index: 0, handler: __TI_decompress_lzss
	index: 1, handler: __TI_decompress_none


GLOBAL SYMBOLS: SORTED ALPHABETICALLY BY Name 

address   name                           
-------   ----                           
000026f7  ADC14_IRQHandler               
000026f7  AES256_IRQHandler              
000026f7  BusFault_Handler               
000024d5  C$$EXIT                        
000026f7  COMP_E0_IRQHandler             
000026f7  COMP_E1_IRQHandler             
000026f7  CS_IRQHandler                  
000026f7  DMA_ERR_IRQHandler             
000026f7  DMA_INT0_IRQHandler            
000026f7  DMA_INT1_IRQHandler            
000026f7  DMA_INT2_IRQHandler            
000026f7  DMA_INT3_IRQHandler            
00001cf9  DateString                     
000026f7  DebugMon_Handler               
000026f7  Default_Handler                
000020af  EUSCIA0_IRQHandler             
000020af  EUSCIA0_IRQHandler             
000026f7  EUSCIA1_IRQHandler             
000026f7  EUSCIA2_IRQHandler             
000026f7  EUSCIA3_IRQHandler             
000026f7  EUSCIB0_IRQHandler             
000026f7  EUSCIB1_IRQHandler             
000026f7  EUSCIB2_IRQHandler             
000026f7  EUSCIB3_IRQHandler             
000026f7  FLCTL_IRQHandler               
000026f7  FPU_IRQHandler                 
000026f7  HardFault_Handler              
000026f7  MemManage_Handler              
000026f7  NMI_Handler                    
000026f7  PCM_IRQHandler                 
0000206d  PORT1_IRQHandler               
0000206d  PORT1_IRQHandler               
000026f7  PORT2_IRQHandler               
000026f7  PORT3_IRQHandler               
000026f7  PORT4_IRQHandler               
000026f7  PORT5_IRQHandler               
000026f7  PORT6_IRQHandler               
000026f7  PSS_IRQHandler                 
000026f7  PendSV_Handler                 
000026f7  RTC_C_IRQHandler               
000026eb  Reset_Handler                  
UNDEFED   SHT$$INIT_ARRAY$$Base          
UNDEFED   SHT$$INIT_ARRAY$$Limit         
000026f7  SVC_Handler                    
000026f7  SysTick_Handler                
2000001c  SystemCoreClock                
00001221  SystemCoreClockUpdate          
00001495  SystemInit                     
000026f7  T32_INT1_IRQHandler            
000026f7  T32_INT2_IRQHandler            
000026f7  T32_INTC_IRQHandler            
000020d3  TA0_0_IRQHandler               
000020d3  TA0_0_IRQHandler               
000026f7  TA0_N_IRQHandler               
000026f7  TA1_0_IRQHandler               
000026f7  TA1_N_IRQHandler               
000026f7  TA2_0_IRQHandler               
000026f7  TA2_N_IRQHandler               
000026f7  TA3_0_IRQHandler               
000026f7  TA3_N_IRQHandler               
000026f7  UsageFault_Handler             
4000480c  WDTCTL_SYM                     
000026f7  WDT_A_IRQHandler               
20010000  __STACK_END                    
00000200  __STACK_SIZE                   
00002820  __TI_CINIT_Base                
00002828  __TI_CINIT_Limit               
00002818  __TI_Handler_Table_Base        
00002820  __TI_Handler_Table_Limit       
0000228d  __TI_auto_init                 
20000000  __TI_cleanup_ptr               
000022fd  __TI_decompress_lzss           
000026dd  __TI_decompress_none           
20000004  __TI_dtors_ptr                 
20000008  __TI_enable_exit_profile_output
ffffffff  __TI_pprof_out_hndl            
00000925  __TI_printfi                   
ffffffff  __TI_prof_data_size            
ffffffff  __TI_prof_data_start           
00000000  __TI_static_base__             
00002105  __aeabi_cdcmpeq                
00002105  __aeabi_cdcmple                
0000218b  __aeabi_cdrcmple               
000025c1  __aeabi_d2iz                   
000019c3  __aeabi_dadd                   
00001b6f  __aeabi_ddiv                   
00001dd9  __aeabi_dmul                   
000019b9  __aeabi_dsub                   
00002609  __aeabi_i2d                    
00002211  __aeabi_memclr                 
00002211  __aeabi_memclr4                
00002211  __aeabi_memclr8                
00001fd1  __aeabi_memcpy                 
00001fd1  __aeabi_memcpy4                
00001fd1  __aeabi_memcpy8                
00002213  __aeabi_memset                 
00002213  __aeabi_memset4                
00002213  __aeabi_memset8                
000017c5  __aeabi_uldivmod               
ffffffff  __binit__                      
ffffffff  __c_args__                     
0000121f  __mpu_init                     
2000fe00  __stack                        
00002671  _args_main                     
00002481  _c_int00                       
000026fc  _ctypes_                       
2000000c  _lock                          
000026af  _nop                           
000026a7  _register_lock                 
000026a1  _register_unlock               
0000228b  _system_post_cinit             
000026f9  _system_pre_init               
20000010  _unlock                        
000024d9  abort                          
00002529  atoi                           
ffffffff  binit                          
00002575  copy_in                        
000026b5  copysign                       
000026b5  copysignl                      
20000014  errno                          
000024e1  exit                           
00002365  frexp                          
00002365  frexpl                         
000015f5  initBCUART                     
0000163f  initPorts                      
0000158d  initRTC                        
000015d5  initTimerA                     
00000000  interruptVectors               
00001ed5  ldexp                          
00001ed5  ldexpl                         
00002429  ltoa                           
00001551  main                           
20000018  main_func_sp                   
00002655  memccpy                        
00001fd1  memcpy                         
00002219  memset                         
00001575  populateNVIC                   
00001ed5  scalbn                         
00001ed5  scalbnl                        
00001ca5  sendBCByte                     
00001cc1  sendBCString                   
000023c9  sprintf                        
00002637  strcat                         
00002689  strchr                         
000026c9  strlen                         


GLOBAL SYMBOLS: SORTED BY Symbol Address 

address   name                           
-------   ----                           
00000000  __TI_static_base__             
00000000  interruptVectors               
00000200  __STACK_SIZE                   
00000925  __TI_printfi                   
0000121f  __mpu_init                     
00001221  SystemCoreClockUpdate          
00001495  SystemInit                     
00001551  main                           
00001575  populateNVIC                   
0000158d  initRTC                        
000015d5  initTimerA                     
000015f5  initBCUART                     
0000163f  initPorts                      
000017c5  __aeabi_uldivmod               
000019b9  __aeabi_dsub                   
000019c3  __aeabi_dadd                   
00001b6f  __aeabi_ddiv                   
00001ca5  sendBCByte                     
00001cc1  sendBCString                   
00001cf9  DateString                     
00001dd9  __aeabi_dmul                   
00001ed5  ldexp                          
00001ed5  ldexpl                         
00001ed5  scalbn                         
00001ed5  scalbnl                        
00001fd1  __aeabi_memcpy                 
00001fd1  __aeabi_memcpy4                
00001fd1  __aeabi_memcpy8                
00001fd1  memcpy                         
0000206d  PORT1_IRQHandler               
0000206d  PORT1_IRQHandler               
000020af  EUSCIA0_IRQHandler             
000020af  EUSCIA0_IRQHandler             
000020d3  TA0_0_IRQHandler               
000020d3  TA0_0_IRQHandler               
00002105  __aeabi_cdcmpeq                
00002105  __aeabi_cdcmple                
0000218b  __aeabi_cdrcmple               
00002211  __aeabi_memclr                 
00002211  __aeabi_memclr4                
00002211  __aeabi_memclr8                
00002213  __aeabi_memset                 
00002213  __aeabi_memset4                
00002213  __aeabi_memset8                
00002219  memset                         
0000228b  _system_post_cinit             
0000228d  __TI_auto_init                 
000022fd  __TI_decompress_lzss           
00002365  frexp                          
00002365  frexpl                         
000023c9  sprintf                        
00002429  ltoa                           
00002481  _c_int00                       
000024d5  C$$EXIT                        
000024d9  abort                          
000024e1  exit                           
00002529  atoi                           
00002575  copy_in                        
000025c1  __aeabi_d2iz                   
00002609  __aeabi_i2d                    
00002637  strcat                         
00002655  memccpy                        
00002671  _args_main                     
00002689  strchr                         
000026a1  _register_unlock               
000026a7  _register_lock                 
000026af  _nop                           
000026b5  copysign                       
000026b5  copysignl                      
000026c9  strlen                         
000026dd  __TI_decompress_none           
000026eb  Reset_Handler                  
000026f7  ADC14_IRQHandler               
000026f7  AES256_IRQHandler              
000026f7  BusFault_Handler               
000026f7  COMP_E0_IRQHandler             
000026f7  COMP_E1_IRQHandler             
000026f7  CS_IRQHandler                  
000026f7  DMA_ERR_IRQHandler             
000026f7  DMA_INT0_IRQHandler            
000026f7  DMA_INT1_IRQHandler            
000026f7  DMA_INT2_IRQHandler            
000026f7  DMA_INT3_IRQHandler            
000026f7  DebugMon_Handler               
000026f7  Default_Handler                
000026f7  EUSCIA1_IRQHandler             
000026f7  EUSCIA2_IRQHandler             
000026f7  EUSCIA3_IRQHandler             
000026f7  EUSCIB0_IRQHandler             
000026f7  EUSCIB1_IRQHandler             
000026f7  EUSCIB2_IRQHandler             
000026f7  EUSCIB3_IRQHandler             
000026f7  FLCTL_IRQHandler               
000026f7  FPU_IRQHandler                 
000026f7  HardFault_Handler              
000026f7  MemManage_Handler              
000026f7  NMI_Handler                    
000026f7  PCM_IRQHandler                 
000026f7  PORT2_IRQHandler               
000026f7  PORT3_IRQHandler               
000026f7  PORT4_IRQHandler               
000026f7  PORT5_IRQHandler               
000026f7  PORT6_IRQHandler               
000026f7  PSS_IRQHandler                 
000026f7  PendSV_Handler                 
000026f7  RTC_C_IRQHandler               
000026f7  SVC_Handler                    
000026f7  SysTick_Handler                
000026f7  T32_INT1_IRQHandler            
000026f7  T32_INT2_IRQHandler            
000026f7  T32_INTC_IRQHandler            
000026f7  TA0_N_IRQHandler               
000026f7  TA1_0_IRQHandler               
000026f7  TA1_N_IRQHandler               
000026f7  TA2_0_IRQHandler               
000026f7  TA2_N_IRQHandler               
000026f7  TA3_0_IRQHandler               
000026f7  TA3_N_IRQHandler               
000026f7  UsageFault_Handler             
000026f7  WDT_A_IRQHandler               
000026f9  _system_pre_init               
000026fc  _ctypes_                       
00002818  __TI_Handler_Table_Base        
00002820  __TI_CINIT_Base                
00002820  __TI_Handler_Table_Limit       
00002828  __TI_CINIT_Limit               
20000000  __TI_cleanup_ptr               
20000004  __TI_dtors_ptr                 
20000008  __TI_enable_exit_profile_output
2000000c  _lock                          
20000010  _unlock                        
20000014  errno                          
20000018  main_func_sp                   
2000001c  SystemCoreClock                
2000fe00  __stack                        
20010000  __STACK_END                    
4000480c  WDTCTL_SYM                     
ffffffff  __TI_pprof_out_hndl            
ffffffff  __TI_prof_data_size            
ffffffff  __TI_prof_data_start           
ffffffff  __binit__                      
ffffffff  __c_args__                     
ffffffff  binit                          
UNDEFED   SHT$$INIT_ARRAY$$Base          
UNDEFED   SHT$$INIT_ARRAY$$Limit         

[145 symbols]
