******************************************************************************
                  TI ARM Linker PC v16.9.0                     
******************************************************************************
>> Linked Fri May 12 16:34:14 2017

OUTPUT FILE NAME:   <MSP-EXP432P401R-PWM.out>
ENTRY POINT SYMBOL: "_c_int00"  address: 00002605


MEMORY CONFIGURATION

         name            origin    length      used     unused   attr    fill
----------------------  --------  ---------  --------  --------  ----  --------
  MAIN                  00000000   00040000  000029a9  0003d657  R  X
  INFO                  00200000   00004000  00000000  00004000  R  X
  SRAM_CODE             01000000   00010000  00000224  0000fddc  RW X
  SRAM_DATA             20000000   00010000  00000224  0000fddc  RW  


SEGMENT ALLOCATION MAP

run origin  load origin   length   init length attrs members
----------  ----------- ---------- ----------- ----- -------
00000000    00000000    000029b0   000029b0    r-x
  00000000    00000000    000000e4   000000e4    r-- .intvecs
  000000e4    000000e4    0000279c   0000279c    r-x .text
  00002880    00002880    00000101   00000101    r-- .const
  00002988    00002988    00000028   00000028    r-- .cinit
20000000    20000000    00000024   00000000    rw-
  20000000    20000000    00000024   00000000    rw- .data
2000fe00    2000fe00    00000200   00000000    rw-
  2000fe00    2000fe00    00000200   00000000    rw- .stack


SECTION ALLOCATION MAP

 output                                  attributes/
section   page    origin      length       input sections
--------  ----  ----------  ----------   ----------------
.intvecs   0    00000000    000000e4     
                  00000000    000000e4     startup_msp432p401r_ccs.obj (.intvecs:retain)

.binit     0    00000000    00000000     

.text      0    000000e4    0000279c     
                  000000e4    0000113a     rtsv7M4_T_le_v4SPD16_eabi.lib : _printfi.obj (.text)
                  0000121e    00000002                                   : mpu_init.obj (.text)
                  00001220    0000033c     main.obj (.text)
                  0000155c    0000032c     system_msp432p401r.obj (.text)
                  00001888    000001f4     rtsv7M4_T_le_v4SPD16_eabi.lib : ull_div_t2.obj (.text)
                  00001a7c    000001b6                                   : fd_add_t2.obj (.text)
                  00001c32    00000002                                   : startup.obj (.text)
                  00001c34    0000016c     BCUART.obj (.text)
                  00001da0    00000136     rtsv7M4_T_le_v4SPD16_eabi.lib : fd_div_t2.obj (.text)
                  00001ed6    00000002     --HOLE-- [fill = 0]
                  00001ed8    0000011c     isr_hooks.obj (.text)
                  00001ff4    000000fc     rtsv7M4_T_le_v4SPD16_eabi.lib : fd_mul_t2.obj (.text)
                  000020f0    000000fc                                   : s_scalbn.obj (.text)
                  000021ec    0000009c                                   : memcpy_t2.obj (.text)
                  00002288    00000086                                   : fd_cmp_t2.obj (.text:__aeabi_cdcmple)
                  0000230e    00000086                                   : fd_cmp_t2.obj (.text:__aeabi_cdrcmple)
                  00002394    0000007a                                   : memset_t2.obj (.text)
                  0000240e    00000002     --HOLE-- [fill = 0]
                  00002410    00000070                                   : autoinit.obj (.text)
                  00002480    00000068                                   : copy_decompress_lzss.obj (.text:decompress:lzss)
                  000024e8    00000064                                   : s_frexp.obj (.text)
                  0000254c    00000060                                   : sprintf.obj (.text)
                  000025ac    00000056                                   : ltoa.obj (.text)
                  00002602    00000002     --HOLE-- [fill = 0]
                  00002604    00000054                                   : boot.obj (.text)
                  00002658    00000054                                   : exit.obj (.text)
                  000026ac    0000004c                                   : atoi.obj (.text)
                  000026f8    0000004c                                   : cpy_tbl.obj (.text)
                  00002744    00000048                                   : fd_toi_t2.obj (.text)
                  0000278c    0000002e                                   : i_tofd_t2.obj (.text)
                  000027ba    0000001e                                   : strcat.obj (.text)
                  000027d8    0000001c                                   : memccpy.obj (.text)
                  000027f4    00000018                                   : args_main.obj (.text)
                  0000280c    00000016                                   : strchr.obj (.text)
                  00002822    00000002     --HOLE-- [fill = 0]
                  00002824    00000014                                   : _lock.obj (.text)
                  00002838    00000014                                   : s_copysign.obj (.text)
                  0000284c    00000014                                   : strlen.obj (.text)
                  00002860    0000000e                                   : copy_decompress_none.obj (.text:decompress:none)
                  0000286e    0000000e     startup_msp432p401r_ccs.obj (.text)
                  0000287c    00000004     rtsv7M4_T_le_v4SPD16_eabi.lib : pre_init.obj (.text)

.const     0    00002880    00000101     
                  00002880    00000101     rtsv7M4_T_le_v4SPD16_eabi.lib : ctype.obj (.const:.string:_ctypes_)

.cinit     0    00002988    00000028     
                  00002988    00000015     (.cinit..data.load) [load image, compression = lzss]
                  0000299d    00000003     --HOLE-- [fill = 0]
                  000029a0    00000008     (__TI_handler_table)
                  000029a8    00000008     (__TI_cinit_table)

.init_array 
*          0    00000000    00000000     UNINITIALIZED

.data      0    20000000    00000024     UNINITIALIZED
                  20000000    0000000c     rtsv7M4_T_le_v4SPD16_eabi.lib : exit.obj (.data:$O1$$)
                  2000000c    00000008                                   : _lock.obj (.data:$O1$$)
                  20000014    00000004     main.obj (.data)
                  20000018    00000004     rtsv7M4_T_le_v4SPD16_eabi.lib : errno.obj (.data)
                  2000001c    00000004                                   : stkdepth_vars.obj (.data)
                  20000020    00000004     system_msp432p401r.obj (.data)

.stack     0    2000fe00    00000200     UNINITIALIZED
                  2000fe00    00000200     --HOLE--

MODULE SUMMARY

       Module                        code    ro data   rw data
       ------                        ----    -------   -------
    .\
       main.obj                      828     0         8      
       system_msp432p401r.obj        812     0         8      
       BCUART.obj                    364     0         0      
       isr_hooks.obj                 284     0         0      
       startup_msp432p401r_ccs.obj   14      228       0      
    +--+-----------------------------+-------+---------+---------+
       Total:                        2302    228       16     
                                                              
    C:\ti\ccsv7\tools\compiler\ti-cgt-arm_16.9.0.LTS\lib\rtsv7M4_T_le_v4SPD16_eabi.lib
       _printfi.obj                  4410    0         0      
       ull_div_t2.obj                500     0         0      
       fd_add_t2.obj                 438     0         0      
       fd_div_t2.obj                 310     0         0      
       fd_cmp_t2.obj                 268     0         0      
       ctype.obj                     0       257       0      
       fd_mul_t2.obj                 252     0         0      
       s_scalbn.obj                  252     0         0      
       memcpy_t2.obj                 156     0         0      
       memset_t2.obj                 122     0         0      
       autoinit.obj                  112     0         0      
       exit.obj                      84      0         24     
       copy_decompress_lzss.obj      104     0         0      
       s_frexp.obj                   100     0         0      
       sprintf.obj                   96      0         0      
       ltoa.obj                      86      0         0      
       boot.obj                      84      0         0      
       atoi.obj                      76      0         0      
       cpy_tbl.obj                   76      0         0      
       fd_toi_t2.obj                 72      0         0      
       i_tofd_t2.obj                 46      0         0      
       _lock.obj                     20      0         16     
       strcat.obj                    30      0         0      
       memccpy.obj                   28      0         0      
       args_main.obj                 24      0         0      
       strchr.obj                    22      0         0      
       s_copysign.obj                20      0         0      
       strlen.obj                    20      0         0      
       copy_decompress_none.obj      14      0         0      
       errno.obj                     0       0         8      
       stkdepth_vars.obj             0       0         8      
       pre_init.obj                  4       0         0      
       mpu_init.obj                  2       0         0      
       startup.obj                   2       0         0      
    +--+-----------------------------+-------+---------+---------+
       Total:                        7830    257       56     
                                                              
       Stack:                        0       0         1024   
       Linker Generated:             0       37        0      
    +--+-----------------------------+-------+---------+---------+
       Grand Total:                  10132   522       1096   


LINKER GENERATED COPY TABLES

__TI_cinit_table @ 000029a8 records: 1, size/record: 8, table size: 8
	.data: load addr=00002988, load size=00000015 bytes, run addr=20000000, run size=00000024 bytes, compression=lzss


LINKER GENERATED HANDLER TABLE

__TI_handler_table @ 000029a0 records: 2, size/record: 4, table size: 8
	index: 0, handler: __TI_decompress_lzss
	index: 1, handler: __TI_decompress_none


GLOBAL SYMBOLS: SORTED ALPHABETICALLY BY Name 

address   name                           
-------   ----                           
00001fa7  ADC14_IRQHandler               
00001fa7  ADC14_IRQHandler               
0000287b  AES256_IRQHandler              
0000287b  BusFault_Handler               
00002659  C$$EXIT                        
0000287b  COMP_E0_IRQHandler             
0000287b  COMP_E1_IRQHandler             
0000287b  CS_IRQHandler                  
0000287b  DMA_ERR_IRQHandler             
0000287b  DMA_INT0_IRQHandler            
0000287b  DMA_INT1_IRQHandler            
0000287b  DMA_INT2_IRQHandler            
0000287b  DMA_INT3_IRQHandler            
00001cc3  DateString                     
0000287b  DebugMon_Handler               
0000287b  Default_Handler                
00001f11  EUSCIA0_IRQHandler             
00001f11  EUSCIA0_IRQHandler             
0000287b  EUSCIA1_IRQHandler             
0000287b  EUSCIA2_IRQHandler             
0000287b  EUSCIA3_IRQHandler             
0000287b  EUSCIB0_IRQHandler             
0000287b  EUSCIB1_IRQHandler             
0000287b  EUSCIB2_IRQHandler             
0000287b  EUSCIB3_IRQHandler             
0000287b  FLCTL_IRQHandler               
0000287b  FPU_IRQHandler                 
0000287b  HardFault_Handler              
0000287b  MemManage_Handler              
0000287b  NMI_Handler                    
0000287b  PCM_IRQHandler                 
00001ed9  PORT1_IRQHandler               
00001ed9  PORT1_IRQHandler               
0000287b  PORT2_IRQHandler               
0000287b  PORT3_IRQHandler               
0000287b  PORT4_IRQHandler               
0000287b  PORT5_IRQHandler               
0000287b  PORT6_IRQHandler               
0000287b  PSS_IRQHandler                 
0000287b  PendSV_Handler                 
0000287b  RTC_C_IRQHandler               
0000286f  Reset_Handler                  
UNDEFED   SHT$$INIT_ARRAY$$Base          
UNDEFED   SHT$$INIT_ARRAY$$Limit         
0000287b  SVC_Handler                    
0000287b  SysTick_Handler                
20000020  SystemCoreClock                
0000155d  SystemCoreClockUpdate          
000017d1  SystemInit                     
0000287b  T32_INT1_IRQHandler            
0000287b  T32_INT2_IRQHandler            
0000287b  T32_INTC_IRQHandler            
00001f91  TA0_0_IRQHandler               
00001f91  TA0_0_IRQHandler               
0000287b  TA0_N_IRQHandler               
0000287b  TA1_0_IRQHandler               
0000287b  TA1_N_IRQHandler               
0000287b  TA2_0_IRQHandler               
0000287b  TA2_N_IRQHandler               
0000287b  TA3_0_IRQHandler               
0000287b  TA3_N_IRQHandler               
0000287b  UsageFault_Handler             
4000480c  WDTCTL_SYM                     
0000287b  WDT_A_IRQHandler               
20010000  __STACK_END                    
00000200  __STACK_SIZE                   
000029a8  __TI_CINIT_Base                
000029b0  __TI_CINIT_Limit               
000029a0  __TI_Handler_Table_Base        
000029a8  __TI_Handler_Table_Limit       
00002411  __TI_auto_init                 
20000000  __TI_cleanup_ptr               
00002481  __TI_decompress_lzss           
00002861  __TI_decompress_none           
20000004  __TI_dtors_ptr                 
20000008  __TI_enable_exit_profile_output
ffffffff  __TI_pprof_out_hndl            
00000925  __TI_printfi                   
ffffffff  __TI_prof_data_size            
ffffffff  __TI_prof_data_start           
00000000  __TI_static_base__             
00002289  __aeabi_cdcmpeq                
00002289  __aeabi_cdcmple                
0000230f  __aeabi_cdrcmple               
00002745  __aeabi_d2iz                   
00001a87  __aeabi_dadd                   
00001da1  __aeabi_ddiv                   
00001ff5  __aeabi_dmul                   
00001a7d  __aeabi_dsub                   
0000278d  __aeabi_i2d                    
00002395  __aeabi_memclr                 
00002395  __aeabi_memclr4                
00002395  __aeabi_memclr8                
000021ed  __aeabi_memcpy                 
000021ed  __aeabi_memcpy4                
000021ed  __aeabi_memcpy8                
00002397  __aeabi_memset                 
00002397  __aeabi_memset4                
00002397  __aeabi_memset8                
00001889  __aeabi_uldivmod               
ffffffff  __binit__                      
ffffffff  __c_args__                     
0000121f  __mpu_init                     
2000fe00  __stack                        
000027f5  _args_main                     
00002605  _c_int00                       
00002880  _ctypes_                       
2000000c  _lock                          
00002833  _nop                           
0000282b  _register_lock                 
00002825  _register_unlock               
00001c33  _system_post_cinit             
0000287d  _system_pre_init               
20000010  _unlock                        
0000265d  abort                          
000026ad  atoi                           
ffffffff  binit                          
000026f9  copy_in                        
00002839  copysign                       
00002839  copysignl                      
20000018  errno                          
00002665  exit                           
000024e9  frexp                          
000024e9  frexpl                         
00001249  initADC                        
00001367  initBCUART                     
000013b1  initPorts                      
00001277  initREFA                       
000012bd  initRTC                        
00001305  initTimerA                     
00001325  initTimerAPWM                  
00000000  interruptVectors               
000020f1  ldexp                          
000020f1  ldexpl                         
000025ad  ltoa                           
00001225  main                           
2000001c  main_func_sp                   
000027d9  memccpy                        
000021ed  memcpy                         
0000239d  memset                         
0000129d  populateNVIC                   
000020f1  scalbn                         
000020f1  scalbnl                        
00001c35  sendBCByte                     
00001c51  sendBCBytes                    
00001c8b  sendBCString                   
0000254d  sprintf                        
000027bb  strcat                         
0000280d  strchr                         
0000284d  strlen                         
20000014  temp                           


GLOBAL SYMBOLS: SORTED BY Symbol Address 

address   name                           
-------   ----                           
00000000  __TI_static_base__             
00000000  interruptVectors               
00000200  __STACK_SIZE                   
00000925  __TI_printfi                   
0000121f  __mpu_init                     
00001225  main                           
00001249  initADC                        
00001277  initREFA                       
0000129d  populateNVIC                   
000012bd  initRTC                        
00001305  initTimerA                     
00001325  initTimerAPWM                  
00001367  initBCUART                     
000013b1  initPorts                      
0000155d  SystemCoreClockUpdate          
000017d1  SystemInit                     
00001889  __aeabi_uldivmod               
00001a7d  __aeabi_dsub                   
00001a87  __aeabi_dadd                   
00001c33  _system_post_cinit             
00001c35  sendBCByte                     
00001c51  sendBCBytes                    
00001c8b  sendBCString                   
00001cc3  DateString                     
00001da1  __aeabi_ddiv                   
00001ed9  PORT1_IRQHandler               
00001ed9  PORT1_IRQHandler               
00001f11  EUSCIA0_IRQHandler             
00001f11  EUSCIA0_IRQHandler             
00001f91  TA0_0_IRQHandler               
00001f91  TA0_0_IRQHandler               
00001fa7  ADC14_IRQHandler               
00001fa7  ADC14_IRQHandler               
00001ff5  __aeabi_dmul                   
000020f1  ldexp                          
000020f1  ldexpl                         
000020f1  scalbn                         
000020f1  scalbnl                        
000021ed  __aeabi_memcpy                 
000021ed  __aeabi_memcpy4                
000021ed  __aeabi_memcpy8                
000021ed  memcpy                         
00002289  __aeabi_cdcmpeq                
00002289  __aeabi_cdcmple                
0000230f  __aeabi_cdrcmple               
00002395  __aeabi_memclr                 
00002395  __aeabi_memclr4                
00002395  __aeabi_memclr8                
00002397  __aeabi_memset                 
00002397  __aeabi_memset4                
00002397  __aeabi_memset8                
0000239d  memset                         
00002411  __TI_auto_init                 
00002481  __TI_decompress_lzss           
000024e9  frexp                          
000024e9  frexpl                         
0000254d  sprintf                        
000025ad  ltoa                           
00002605  _c_int00                       
00002659  C$$EXIT                        
0000265d  abort                          
00002665  exit                           
000026ad  atoi                           
000026f9  copy_in                        
00002745  __aeabi_d2iz                   
0000278d  __aeabi_i2d                    
000027bb  strcat                         
000027d9  memccpy                        
000027f5  _args_main                     
0000280d  strchr                         
00002825  _register_unlock               
0000282b  _register_lock                 
00002833  _nop                           
00002839  copysign                       
00002839  copysignl                      
0000284d  strlen                         
00002861  __TI_decompress_none           
0000286f  Reset_Handler                  
0000287b  AES256_IRQHandler              
0000287b  BusFault_Handler               
0000287b  COMP_E0_IRQHandler             
0000287b  COMP_E1_IRQHandler             
0000287b  CS_IRQHandler                  
0000287b  DMA_ERR_IRQHandler             
0000287b  DMA_INT0_IRQHandler            
0000287b  DMA_INT1_IRQHandler            
0000287b  DMA_INT2_IRQHandler            
0000287b  DMA_INT3_IRQHandler            
0000287b  DebugMon_Handler               
0000287b  Default_Handler                
0000287b  EUSCIA1_IRQHandler             
0000287b  EUSCIA2_IRQHandler             
0000287b  EUSCIA3_IRQHandler             
0000287b  EUSCIB0_IRQHandler             
0000287b  EUSCIB1_IRQHandler             
0000287b  EUSCIB2_IRQHandler             
0000287b  EUSCIB3_IRQHandler             
0000287b  FLCTL_IRQHandler               
0000287b  FPU_IRQHandler                 
0000287b  HardFault_Handler              
0000287b  MemManage_Handler              
0000287b  NMI_Handler                    
0000287b  PCM_IRQHandler                 
0000287b  PORT2_IRQHandler               
0000287b  PORT3_IRQHandler               
0000287b  PORT4_IRQHandler               
0000287b  PORT5_IRQHandler               
0000287b  PORT6_IRQHandler               
0000287b  PSS_IRQHandler                 
0000287b  PendSV_Handler                 
0000287b  RTC_C_IRQHandler               
0000287b  SVC_Handler                    
0000287b  SysTick_Handler                
0000287b  T32_INT1_IRQHandler            
0000287b  T32_INT2_IRQHandler            
0000287b  T32_INTC_IRQHandler            
0000287b  TA0_N_IRQHandler               
0000287b  TA1_0_IRQHandler               
0000287b  TA1_N_IRQHandler               
0000287b  TA2_0_IRQHandler               
0000287b  TA2_N_IRQHandler               
0000287b  TA3_0_IRQHandler               
0000287b  TA3_N_IRQHandler               
0000287b  UsageFault_Handler             
0000287b  WDT_A_IRQHandler               
0000287d  _system_pre_init               
00002880  _ctypes_                       
000029a0  __TI_Handler_Table_Base        
000029a8  __TI_CINIT_Base                
000029a8  __TI_Handler_Table_Limit       
000029b0  __TI_CINIT_Limit               
20000000  __TI_cleanup_ptr               
20000004  __TI_dtors_ptr                 
20000008  __TI_enable_exit_profile_output
2000000c  _lock                          
20000010  _unlock                        
20000014  temp                           
20000018  errno                          
2000001c  main_func_sp                   
20000020  SystemCoreClock                
2000fe00  __stack                        
20010000  __STACK_END                    
4000480c  WDTCTL_SYM                     
ffffffff  __TI_pprof_out_hndl            
ffffffff  __TI_prof_data_size            
ffffffff  __TI_prof_data_start           
ffffffff  __binit__                      
ffffffff  __c_args__                     
ffffffff  binit                          
UNDEFED   SHT$$INIT_ARRAY$$Base          
UNDEFED   SHT$$INIT_ARRAY$$Limit         

[151 symbols]
