******************************************************************************
                  TI ARM Linker PC v16.9.0                     
******************************************************************************
>> Linked Tue Jul 11 17:20:04 2017

OUTPUT FILE NAME:   <MSP-EXP432P401R-BasicI2CExample.out>
ENTRY POINT SYMBOL: "_c_int00"  address: 00000aa9


MEMORY CONFIGURATION

         name            origin    length      used     unused   attr    fill
----------------------  --------  ---------  --------  --------  ----  --------
  MAIN                  00000000   00040000  00000c2e  0003f3d2  R  X
  INFO                  00200000   00004000  00000000  00004000  R  X
  SRAM_CODE             01000000   00010000  0000023d  0000fdc3  RW X
  SRAM_DATA             20000000   00010000  0000023d  0000fdc3  RW  


SEGMENT ALLOCATION MAP

run origin  load origin   length   init length attrs members
----------  ----------- ---------- ----------- ----- -------
00000000    00000000    00000c30   00000c30    r-x
  00000000    00000000    000000e4   000000e4    r-- .intvecs
  000000e4    000000e4    00000b12   00000b12    r-x .text
  00000bf8    00000bf8    00000038   00000038    r-- .cinit
20000000    20000000    00000040   00000000    rw-
  20000000    20000000    00000021   00000000    rw- .bss
  20000024    20000024    0000001c   00000000    rw- .data
2000fe00    2000fe00    00000200   00000000    rw-
  2000fe00    2000fe00    00000200   00000000    rw- .stack


SECTION ALLOCATION MAP

 output                                  attributes/
section   page    origin      length       input sections
--------  ----  ----------  ----------   ----------------
.intvecs   0    00000000    000000e4     
                  00000000    000000e4     startup_msp432p401r_ccs.obj (.intvecs:retain)

.binit     0    00000000    00000000     

.text      0    000000e4    00000b12     
                  000000e4    0000032c     system_msp432p401r.obj (.text)
                  00000410    0000024c     i2c.obj (.text)
                  0000065c    00000184     main.obj (.text)
                  000007e0    000000d8     isr_hooks.obj (.text)
                  000008b8    0000009c     rtsv7M4_T_le_v4SPD16_eabi.lib : memcpy_t2.obj (.text)
                  00000954    0000007a                                   : memset_t2.obj (.text)
                  000009ce    00000002                                   : mpu_init.obj (.text)
                  000009d0    00000070                                   : autoinit.obj (.text)
                  00000a40    00000068                                   : copy_decompress_lzss.obj (.text:decompress:lzss)
                  00000aa8    00000054                                   : boot.obj (.text)
                  00000afc    00000054                                   : exit.obj (.text)
                  00000b50    0000004c                                   : cpy_tbl.obj (.text)
                  00000b9c    00000018                                   : args_main.obj (.text)
                  00000bb4    00000014                                   : _lock.obj (.text)
                  00000bc8    0000000e                                   : copy_decompress_none.obj (.text:decompress:none)
                  00000bd6    0000000e     startup_msp432p401r_ccs.obj (.text)
                  00000be4    0000000c     rtsv7M4_T_le_v4SPD16_eabi.lib : copy_zero_init.obj (.text:decompress:ZI)
                  00000bf0    00000004                                   : pre_init.obj (.text)
                  00000bf4    00000002                                   : startup.obj (.text)

.cinit     0    00000bf8    00000038     
                  00000bf8    00000014     (.cinit..data.load) [load image, compression = lzss]
                  00000c0c    0000000c     (__TI_handler_table)
                  00000c18    00000008     (.cinit..bss.load) [load image, compression = zero_init]
                  00000c20    00000010     (__TI_cinit_table)

.init_array 
*          0    00000000    00000000     UNINITIALIZED

.bss       0    20000000    00000021     UNINITIALIZED
                  20000000    00000010     (.common:rxbuf)
                  20000010    00000008     (.common:txbuf)
                  20000018    00000004     (.common:i)
                  2000001c    00000001     (.common:RXByteCtr)
                  2000001d    00000001     (.common:TXByteCtr)
                  2000001e    00000001     (.common:rxbufctr)
                  2000001f    00000001     (.common:txbufctr)
                  20000020    00000001     (.common:who)

.data      0    20000024    0000001c     UNINITIALIZED
                  20000024    0000000c     rtsv7M4_T_le_v4SPD16_eabi.lib : exit.obj (.data:$O1$$)
                  20000030    00000008                                   : _lock.obj (.data:$O1$$)
                  20000038    00000004                                   : stkdepth_vars.obj (.data)
                  2000003c    00000004     system_msp432p401r.obj (.data)

.stack     0    2000fe00    00000200     UNINITIALIZED
                  2000fe00    00000200     --HOLE--

MODULE SUMMARY

       Module                        code   ro data   rw data
       ------                        ----   -------   -------
    .\
       system_msp432p401r.obj        812    0         8      
       i2c.obj                       588    0         0      
       main.obj                      388    0         66     
       startup_msp432p401r_ccs.obj   14     228       0      
       isr_hooks.obj                 216    0         0      
    +--+-----------------------------+------+---------+---------+
       Total:                        2018   228       74     
                                                             
    C:\ti\ccsv7\tools\compiler\ti-cgt-arm_16.9.0.LTS\lib\rtsv7M4_T_le_v4SPD16_eabi.lib
       memcpy_t2.obj                 156    0         0      
       memset_t2.obj                 122    0         0      
       autoinit.obj                  112    0         0      
       exit.obj                      84     0         24     
       copy_decompress_lzss.obj      104    0         0      
       boot.obj                      84     0         0      
       cpy_tbl.obj                   76     0         0      
       _lock.obj                     20     0         16     
       args_main.obj                 24     0         0      
       copy_decompress_none.obj      14     0         0      
       copy_zero_init.obj            12     0         0      
       stkdepth_vars.obj             0      0         8      
       pre_init.obj                  4      0         0      
       mpu_init.obj                  2      0         0      
       startup.obj                   2      0         0      
    +--+-----------------------------+------+---------+---------+
       Total:                        816    0         48     
                                                             
       Stack:                        0      0         1024   
       Linker Generated:             0      56        0      
    +--+-----------------------------+------+---------+---------+
       Grand Total:                  2834   284       1146   


LINKER GENERATED COPY TABLES

__TI_cinit_table @ 00000c20 records: 2, size/record: 8, table size: 16
	.data: load addr=00000bf8, load size=00000014 bytes, run addr=20000024, run size=0000001c bytes, compression=lzss
	.bss: load addr=00000c18, load size=00000008 bytes, run addr=20000000, run size=00000021 bytes, compression=zero_init


LINKER GENERATED HANDLER TABLE

__TI_handler_table @ 00000c0c records: 3, size/record: 4, table size: 12
	index: 0, handler: __TI_decompress_lzss
	index: 1, handler: __TI_decompress_none
	index: 2, handler: __TI_zero_init


GLOBAL SYMBOLS: SORTED ALPHABETICALLY BY Name 

address   name                           
-------   ----                           
00000be3  ADC14_IRQHandler               
00000be3  AES256_IRQHandler              
00000be3  BusFault_Handler               
00000afd  C$$EXIT                        
00000be3  COMP_E0_IRQHandler             
00000be3  COMP_E1_IRQHandler             
00000be3  CS_IRQHandler                  
00000be3  DMA_ERR_IRQHandler             
00000be3  DMA_INT0_IRQHandler            
00000be3  DMA_INT1_IRQHandler            
00000be3  DMA_INT2_IRQHandler            
00000be3  DMA_INT3_IRQHandler            
00000be3  DebugMon_Handler               
00000be3  Default_Handler                
00000be3  EUSCIA0_IRQHandler             
00000be3  EUSCIA1_IRQHandler             
00000be3  EUSCIA2_IRQHandler             
00000be3  EUSCIA3_IRQHandler             
000007e1  EUSCIB0_IRQHandler             
000007e1  EUSCIB0_IRQHandler             
00000be3  EUSCIB1_IRQHandler             
00000be3  EUSCIB2_IRQHandler             
00000be3  EUSCIB3_IRQHandler             
00000be3  FLCTL_IRQHandler               
00000be3  FPU_IRQHandler                 
00000be3  HardFault_Handler              
00000571  I2C_ReadMultipleRegisters      
000004c7  I2C_ReadRegister               
00000439  I2C_WriteRegister              
00000be3  MemManage_Handler              
00000be3  NMI_Handler                    
00000be3  PCM_IRQHandler                 
00000be3  PORT1_IRQHandler               
00000be3  PORT2_IRQHandler               
00000be3  PORT3_IRQHandler               
00000be3  PORT4_IRQHandler               
00000be3  PORT5_IRQHandler               
00000be3  PORT6_IRQHandler               
00000be3  PSS_IRQHandler                 
00000be3  PendSV_Handler                 
00000be3  RTC_C_IRQHandler               
2000001c  RXByteCtr                      
00000bd7  Reset_Handler                  
UNDEFED   SHT$$INIT_ARRAY$$Base          
UNDEFED   SHT$$INIT_ARRAY$$Limit         
00000be3  SVC_Handler                    
00000be3  SysTick_Handler                
2000003c  SystemCoreClock                
000000e5  SystemCoreClockUpdate          
00000359  SystemInit                     
00000be3  T32_INT1_IRQHandler            
00000be3  T32_INT2_IRQHandler            
00000be3  T32_INTC_IRQHandler            
00000be3  TA0_0_IRQHandler               
00000be3  TA0_N_IRQHandler               
00000be3  TA1_0_IRQHandler               
00000be3  TA1_N_IRQHandler               
00000be3  TA2_0_IRQHandler               
00000be3  TA2_N_IRQHandler               
00000be3  TA3_0_IRQHandler               
00000be3  TA3_N_IRQHandler               
2000001d  TXByteCtr                      
00000be3  UsageFault_Handler             
4000480c  WDTCTL_SYM                     
00000be3  WDT_A_IRQHandler               
20010000  __STACK_END                    
00000200  __STACK_SIZE                   
00000c20  __TI_CINIT_Base                
00000c30  __TI_CINIT_Limit               
00000c0c  __TI_Handler_Table_Base        
00000c18  __TI_Handler_Table_Limit       
000009d1  __TI_auto_init                 
20000024  __TI_cleanup_ptr               
00000a41  __TI_decompress_lzss           
00000bc9  __TI_decompress_none           
20000028  __TI_dtors_ptr                 
2000002c  __TI_enable_exit_profile_output
ffffffff  __TI_pprof_out_hndl            
ffffffff  __TI_prof_data_size            
ffffffff  __TI_prof_data_start           
00000000  __TI_static_base__             
00000be5  __TI_zero_init                 
00000955  __aeabi_memclr                 
00000955  __aeabi_memclr4                
00000955  __aeabi_memclr8                
000008b9  __aeabi_memcpy                 
000008b9  __aeabi_memcpy4                
000008b9  __aeabi_memcpy8                
00000957  __aeabi_memset                 
00000957  __aeabi_memset4                
00000957  __aeabi_memset8                
ffffffff  __binit__                      
ffffffff  __c_args__                     
000009cf  __mpu_init                     
2000fe00  __stack                        
00000b9d  _args_main                     
00000aa9  _c_int00                       
20000030  _lock                          
00000bc3  _nop                           
00000bbb  _register_lock                 
00000bb5  _register_unlock               
00000bf5  _system_post_cinit             
00000bf1  _system_pre_init               
20000034  _unlock                        
00000b01  abort                          
ffffffff  binit                          
00000b51  copy_in                        
00000b09  exit                           
20000018  i                              
000006a1  initBoard                      
000006b5  initClocks                     
00000411  initI2C                        
000006d7  initPorts                      
00000000  interruptVectors               
0000065d  main                           
20000038  main_func_sp                   
000008b9  memcpy                         
0000095d  memset                         
000006cd  populateNVIC                   
20000000  rxbuf                          
2000001e  rxbufctr                       
20000010  txbuf                          
2000001f  txbufctr                       
20000020  who                            


GLOBAL SYMBOLS: SORTED BY Symbol Address 

address   name                           
-------   ----                           
00000000  __TI_static_base__             
00000000  interruptVectors               
000000e5  SystemCoreClockUpdate          
00000200  __STACK_SIZE                   
00000359  SystemInit                     
00000411  initI2C                        
00000439  I2C_WriteRegister              
000004c7  I2C_ReadRegister               
00000571  I2C_ReadMultipleRegisters      
0000065d  main                           
000006a1  initBoard                      
000006b5  initClocks                     
000006cd  populateNVIC                   
000006d7  initPorts                      
000007e1  EUSCIB0_IRQHandler             
000007e1  EUSCIB0_IRQHandler             
000008b9  __aeabi_memcpy                 
000008b9  __aeabi_memcpy4                
000008b9  __aeabi_memcpy8                
000008b9  memcpy                         
00000955  __aeabi_memclr                 
00000955  __aeabi_memclr4                
00000955  __aeabi_memclr8                
00000957  __aeabi_memset                 
00000957  __aeabi_memset4                
00000957  __aeabi_memset8                
0000095d  memset                         
000009cf  __mpu_init                     
000009d1  __TI_auto_init                 
00000a41  __TI_decompress_lzss           
00000aa9  _c_int00                       
00000afd  C$$EXIT                        
00000b01  abort                          
00000b09  exit                           
00000b51  copy_in                        
00000b9d  _args_main                     
00000bb5  _register_unlock               
00000bbb  _register_lock                 
00000bc3  _nop                           
00000bc9  __TI_decompress_none           
00000bd7  Reset_Handler                  
00000be3  ADC14_IRQHandler               
00000be3  AES256_IRQHandler              
00000be3  BusFault_Handler               
00000be3  COMP_E0_IRQHandler             
00000be3  COMP_E1_IRQHandler             
00000be3  CS_IRQHandler                  
00000be3  DMA_ERR_IRQHandler             
00000be3  DMA_INT0_IRQHandler            
00000be3  DMA_INT1_IRQHandler            
00000be3  DMA_INT2_IRQHandler            
00000be3  DMA_INT3_IRQHandler            
00000be3  DebugMon_Handler               
00000be3  Default_Handler                
00000be3  EUSCIA0_IRQHandler             
00000be3  EUSCIA1_IRQHandler             
00000be3  EUSCIA2_IRQHandler             
00000be3  EUSCIA3_IRQHandler             
00000be3  EUSCIB1_IRQHandler             
00000be3  EUSCIB2_IRQHandler             
00000be3  EUSCIB3_IRQHandler             
00000be3  FLCTL_IRQHandler               
00000be3  FPU_IRQHandler                 
00000be3  HardFault_Handler              
00000be3  MemManage_Handler              
00000be3  NMI_Handler                    
00000be3  PCM_IRQHandler                 
00000be3  PORT1_IRQHandler               
00000be3  PORT2_IRQHandler               
00000be3  PORT3_IRQHandler               
00000be3  PORT4_IRQHandler               
00000be3  PORT5_IRQHandler               
00000be3  PORT6_IRQHandler               
00000be3  PSS_IRQHandler                 
00000be3  PendSV_Handler                 
00000be3  RTC_C_IRQHandler               
00000be3  SVC_Handler                    
00000be3  SysTick_Handler                
00000be3  T32_INT1_IRQHandler            
00000be3  T32_INT2_IRQHandler            
00000be3  T32_INTC_IRQHandler            
00000be3  TA0_0_IRQHandler               
00000be3  TA0_N_IRQHandler               
00000be3  TA1_0_IRQHandler               
00000be3  TA1_N_IRQHandler               
00000be3  TA2_0_IRQHandler               
00000be3  TA2_N_IRQHandler               
00000be3  TA3_0_IRQHandler               
00000be3  TA3_N_IRQHandler               
00000be3  UsageFault_Handler             
00000be3  WDT_A_IRQHandler               
00000be5  __TI_zero_init                 
00000bf1  _system_pre_init               
00000bf5  _system_post_cinit             
00000c0c  __TI_Handler_Table_Base        
00000c18  __TI_Handler_Table_Limit       
00000c20  __TI_CINIT_Base                
00000c30  __TI_CINIT_Limit               
20000000  rxbuf                          
20000010  txbuf                          
20000018  i                              
2000001c  RXByteCtr                      
2000001d  TXByteCtr                      
2000001e  rxbufctr                       
2000001f  txbufctr                       
20000020  who                            
20000024  __TI_cleanup_ptr               
20000028  __TI_dtors_ptr                 
2000002c  __TI_enable_exit_profile_output
20000030  _lock                          
20000034  _unlock                        
20000038  main_func_sp                   
2000003c  SystemCoreClock                
2000fe00  __stack                        
20010000  __STACK_END                    
4000480c  WDTCTL_SYM                     
ffffffff  __TI_pprof_out_hndl            
ffffffff  __TI_prof_data_size            
ffffffff  __TI_prof_data_start           
ffffffff  __binit__                      
ffffffff  __c_args__                     
ffffffff  binit                          
UNDEFED   SHT$$INIT_ARRAY$$Base          
UNDEFED   SHT$$INIT_ARRAY$$Limit         

[124 symbols]
